---
source: tests/mod.rs
expression: res.body_string().await?

---
"\n  <svg xmlns=\"http://www.w3.org/2000/svg\" width=\"78\" height=\"20\" role=\"img\" aria-label=\"size: 1.1 KB\">\n    <title>size: 1.1 KB</title>\n    \n  <linearGradient id=\"s\" x2=\"0\" y2=\"100%\">\n    <stop offset=\"0\" stop-color=\"#bbb\" stop-opacity=\".1\"/>\n    <stop offset=\"1\" stop-opacity=\".1\"/>\n  </linearGradient>\n  \n  <clipPath id=\"r\">\n    <rect width=\"78\" height=\"20\" rx=\"3\" fill=\"#fff\"/>\n  </clipPath>\n  <g clip-path=\"url(#r)\">\n    <rect width=\"31\" height=\"20\" fill=\"#555\"/>\n    <rect x=\"31\" width=\"47\" height=\"20\" fill=\"#44cc11\"/>\n    <rect width=\"78\" height=\"20\" fill=\"url(#s)\"/>\n  </g>\n\n\n    <g fill=\"#fff\" font-family=\"Verdana,Geneva,DejaVu Sans,sans-serif\" text-rendering=\"geometricPrecision\" font-size=\"11\">\n      \n  <text x=\"6\" y=\"15\" aria-hidden=\"true\" fill=\"#010101\" fill-opacity=\".3\" textLength=\"21\">size</text>\n  <text x=\"6\" y=\"14\" fill=\"#fff\" textLength=\"21\">size</text>\n\n  <text x=\"35\" y=\"15\" aria-hidden=\"true\" fill=\"#010101\" fill-opacity=\".3\" textLength=\"37\">1.1 KB</text>\n  <text x=\"35\" y=\"14\" fill=\"#fff\" textLength=\"37\">1.1 KB</text>\n\n    </g>\n  </svg>\n"
